above-average
accounting
accrued
acquired
acquired,
acquired.
acquired;
acquires
acquiring
acquisition
acquisition,
acquisition;
acquisitions
active
actual
additional
adi
adi)
adi,
adi.
adi;
adis
adjustable
adjusted
affected
affiliates
affiliates,
affiliates.
affiliates;
agents
agents.
aggregated
all
amit
amit,
amit.
amit:
amit;
amit’s
amma
ancillary
annual
annuities
annuity
annuity,
annuity:
annuity;
apartment
applicable
apportionable
approved
arm’s
arranged
arrangements
artwork,
assessable
assets
associate-inclusive
associated
associates
associates)
associates),
associates);
associates)—that
associates,
associates.
associates:
associates;
attribution
audited
australia,
australian
australian/overseas
available
average
averaging
balancing
base
behaviour
benchmark
beneficiary
beneficiary,
borrowed
borrowed,
borrowings
build
bundle
bundle,
bundle;
bundles
business
business)
business);
business,
business.
business:
business;
businesses
business—the
business’s
business”.
capital
capped
carried
carries
carry-forward
carrying
cars
cars,
ccivs
cease
ceased
ceases
cessation
cgt
chain
changeover
children
children.
children;
classes
cmpti
co-operative
collectables
collectables,
commenced
commences
commencing
commercial
committed
common
commonwealth
community
completing
completion
complying
concessional
connected
connecting
conservation
constitution
constitution,
constitution;
constitutional
constitutionally
contingent
continuous
contract
contracts
contributions
contributions-splitting
control
controlled
controller
controllers
controls
convertible
core
corporate
correction
costs
cot
cross-character
cross-staple
crystallised
current
date
deadline,
debenture
debenture,
debentures
debentures,
debit
debt
decrease
deductible
deferred
denial
departing
depository
depreciating
derive
derive,
derive:
derived
derived,
derived:
derived;
derived—the
derives
derives,
derives.
deriving
design
designs
development
dining
direct
disallowed
disallowing
disallows
discounts
disposal
disposal,
disposal.
disposal:
disposal;
disposals
dispose
disposed
disposes
disposing
distributable
distribution
distribution,
distribution.
distribution;
distributions
distributions,
distributions.
dividends
dividends,
dividends.
division
dwellings
dwellings,
dwellings:
early
element
elements
eligible
employee
employer,
employment
end
ended,
ends
ends;
equity
ess
etp
excess
exempt
exempting
expands
expands;
exploration
external
family
farm-in
feature
fifo
films.
finance
financial
firearms
first
fiscal
fito
fixed
flow
flowed
flows
fmd
foreign
forestry
forex
forgiven
forgiven,
forgiven;
forgiveness
forgiveness,
forgiveness.
forgiven—the
forgiving
form
former
frank
frankable
frankable,
franked
franked—the
franking
franks
friendly
fringe
frt
fund-raising
funded
funeral
future
gainful
gaining
general
globe
goes
greater
gross
group
guarantee
guaranteed
guides;
head
hedged
hedging
hire
holder
holding
holds
holds,
housing
hpto
hydrogen
immediate
immediately
imported
importing
in-house
income
increase
indirect
industrial
infrastructure
initial
injected
input
instalment
insurance
interest
invalidity
involuntary
inward
iru
irus
irus;
issue
issued
jpda.
jpda;
kyoto
land
last
legal
liabilities
liability
liable
life
limited
listed
live
lodged
long
losing
loss
low
majority
making
market
maximum
mec
members
members,
members.
members;
membership
members’
metering
minerals
minerals,
mining
mining,
modified
money
moneylending
more
national
native
net
non-arm’s
non-assessable
non-cash
non-compulsory
non-debt
non-equity
non-fixed
non-primary
non-share
note:**
notional
nras
off-market
off-market;
offshore
on-lent
ongoing
opening
ordinary
original
outstanding
outward
over
over,
overs
overs).
overseas
owner
ownership
owner’s
paid
paid-up
part
partial
participants
parties
partly
partner’s
party;
pass
passed
passing
pay
payg
pays
pdf
pdf)
pdf,
pdf.
pdf;
pdf’s
personal
phiib
phiibs
pool
pooled
ported
ported;
porting
post
post,
post-17/8/93
post-cgt
ppl
pre-16/8/78
pre-18/8/93
pre-cgt
pre-existing
pre-july
pre-school
pre-shift
precious
predominant
predominantly-services
prescribed
present
primary
principal
private
proceeds
producing
production
professional
profit
project
prospective
provided
provided,
provided;
providing
provision
provisional
prudential
public
purpose
put
qualifying
quarterly
quarters
quasi
quasi-owner
quasi-ownership
quoted
quotes
r&d
rba
rba;
realisation
received
receives
receiving
recognised
recoup
recoupments
recreation
recreation.
recreation;
redeemable
reduce
reduced
registered
registration
regulated
relative
relative,
relative;
relatives;
relative’s
religious
remaining
reportable
resale
residency
residential
residual
responsible
retained
retirement
return
returning
revenue
revived.
revives,
right
risk-weighted
royalties
royalties,
rsas
rsas)
rsas.
safeguard
same
scheme
scheme,
scheme.
scheme;
schemes
schemes:
schemes;
scheme—the
secondary
section
segregated
self
shareholder
shareholders
shareholders:
shareholders’
shares
shares)
shares);
shares,
shares.
shares:
shares;
shares—any
shipping
sickness
small
sme
software
sort
sort)
sort,
sort;
special
specialist
specified
sportspersons;
spouse
spouse)
spouse,
spouse.
spouse;
spouses
spouses,
spouses;
spouse’s
spread
spreading
stapled
start
statement
statutory
student
sub-fund
sub-fund,
sub-fund.
sub-fund’s
subject
substantially
successor
superannuation
supplementary
supplied
supporting
target
tax-free
tax-related
taxable
taxation
taxing
telecommunications
tertiary
test
tier
top
total
traded
trading
traditional
transfer
treating
trust
trustees)
ultimate
undeducted
under
under,
under-assessment;
underlying
unders
unfranked
unrecouped
untaxed
unused
utilisation
utilise
utilised
utilised,
utilised.
utilising
valuation
valued
values
vbif
vbif;
very
voting
what
wholly-owned
widely
withholding
workers’
worldwide
written